// Jest Snapshot v1, https://goo.gl/fbAQLP

exports[`Header Should render correctly 1`] = `
<Header
  logout={[Function]}
>
  <header
    id="Header"
  >
    <img
      alt="Workhub Logo"
      src="http://placehold.it/120x35"
    />
    <nav>
      <ul>
        <li
          onClick={[Function]}
        >
          Log Out
        </li>
      </ul>
    </nav>
  </header>
</Header>
`;
