// Jest Snapshot v1, https://goo.gl/fbAQLP

exports[`LoginModule Should render correctly 1`] = `
<LoginModule
  currentModule={
    Object {
      "name": "login",
      "password": null,
      "username": null,
    }
  }
  notification={Object {}}
  serviceCaller={[Function]}
  updateModuleState={[Function]}
>
  <div
    id="LoginModule"
  >
    <form
      action="/login"
      method="post"
      onSubmit={[Function]}
    >
      <img
        alt="Logo"
        src="https://placehold.it/50x50/00638E"
      />
      <h1>
        Log in to your account
      </h1>
      <input
        name="username"
        onChange={[Function]}
        placeholder="Username"
        type="text"
      />
      <input
        name="password"
        onChange={[Function]}
        placeholder="Password"
        type="password"
      />
      <input
        className="color-button button-ok"
        type="submit"
        value="Log In"
      />
    </form>
    <Notification
      type=""
    >
      <div
        className="Notification none"
      />
    </Notification>
  </div>
</LoginModule>
`;
